Compiled jeecgboot_jeecg-boot
Compiled graphhopper_graphhopper
Compiled orientechnologies_orientdb
Compiled jitsi_jitsi
Compiled PlayEdu_PlayEdu
Compiled pmd_pmd
Compiled spring-cloud_spring-cloud-gateway
Compiled YunaiV_ruoyi-vue-pro
Compiled qiujiayu_AutoLoadCache
Compiled docker-java_docker-java
Compiled javamelody_javamelody
Compiled eirslett_frontend-maven-plugin
Compiled Kong_unirest-java
Compiled zhkl0228_unidbg
Compiled subhra74_snowflake
Compiled mapstruct_mapstruct
Compiled joelittlejohn_jsonschema2pojo
Compiled DerekYRC_mini-spring
Compiled elunez_eladmin
Compiled houbb_sensitive-word
Compiled logfellow_logstash-logback-encoder
Compiled ainilili_ratel
Compiled Pay-Group_best-pay-sdk
Compiled google_truth
Compiled obsidiandynamics_kafdrop
Compiled PlexPt_chatgpt-java
